// Bun Snapshot v1, https://bun.sh/docs/test/snapshots

exports[`ComposerApp renders correctly 1`] = `
"┌──────────────────────────────────────────────────────────────────────────────────────────────────┐
│                                   🎼 Open Composer CLI v0.0.0                                    │
└──────────────────────────────────────────────────────────────────────────────────────────────────┘
┌────────────────────────────┐┌──────────────────────────────────────┐┌────────────────────────────┐
│                            ││                                      ││                            │
│ 📂 Workspaces              ││ 💬 Chat Interface                    ││ 📝 Code Editor             │
│                            ││                                      ││                            │
│ ● main                     ││ 🎼 composer 10:00                    ││ ┌──────────────────────┐   │
│                            ││  Welcome to Open Composer CLI! What  ││ │                      │   │
│                            ││ would you like to build?             ││ │                      │   │
│ 🌿 Branches                ││                                      ││ │   No file selected   │   │
│                            ││                                      ││ │                      │   │
│ ● main                     ││                                      ││ │                      │   │
│ + New worktree             ││                                      ││ └──────────────────────┘   │
│                            ││                                      ││                            │
│                            ││                                      ││ 🔧 File Tree               │
│ 🤖 Agents                  ││                                      ││                            │
│                            ││                                      ││ 📁 src/                    │
│ ● claude-code              ││ ┌──────────────────────────────────┐ ││   📄 index.ts              │
│ ○ codex-nation             ││ │💭 _                              │ ││   📁 components/           │
│ ○ cursor-agent             ││ └──────────────────────────────────┘ ││     📄 ComposerApp.tsx     │
│                            ││ Type your message and press Enter... ││     📄 ChatInterface.tsx   │
│                            ││                                      ││                            │
└────────────────────────────┘└──────────────────────────────────────┘└────────────────────────────┘
┌──────────────────────────────────────────────────────────────────────────────────────────────────┐
│Ready                                                                               Ctrl+C to exit│
└──────────────────────────────────────────────────────────────────────────────────────────────────┘"
`;
