// Bun Snapshot v1, https://bun.sh/docs/test/snapshots

exports[`Sidebar renders correctly with worktrees 1`] = `
"üìÇ Workspaces                                                                   
‚óè main                                                                          
‚óã feature-1                                                                     
üåø Branches                                                                     
‚óè main                                                                          
+ New worktree                                                                  
ü§ñ Agents                                                                       
‚óè claude-code                                                                   
‚óã codex-nation                                                                  
‚óã cursor-agent                                                                  
                                                                                
                                                                                
                                                                                
                                                                                
                                                                                
                                                                                
                                                                                
                                                                                
                                                                                
                                                                                
                                                                                
                                                                                
                                                                                
                                                                                
"
`;
